// Jest Snapshot v1, https://goo.gl/fbAQLP

exports[`components | header should render the Header 1`] = `
.c0 {
  display: -webkit-box;
  display: -webkit-flex;
  display: -ms-flexbox;
  display: flex;
  background-color: #ffffff;
  box-shadow: 0 1px 4px 0 rgba(49,64,92,.1);
}

.c1 {
  position: fixed;
  top: 0;
  right: 0;
  left: 0;
  z-index: 1;
}

.c2 {
  -webkit-flex: 1;
  -ms-flex: 1;
  flex: 1;
  max-width: 960px;
  margin: auto;
  padding: 10px;
}

.c3 {
  max-width: 120px;
}

@media (min-width:768px) {
  .c2 {
    padding: 16px;
  }
}

@media (min-width:768px) {
  .c3 {
    max-width: 200px;
  }
}

<div>
  <header
    class="c0 c1"
    data-testid="header"
  >
    <div
      class="c2"
    >
      <img
        alt="Aula Education"
        class="c3"
        src="logo.svg"
      />
    </div>
  </header>
</div>
`;
