// Jest Snapshot v1, https://goo.gl/fbAQLP

exports[`components | toolbar should render the Toolbar 1`] = `
.c0 {
  display: -webkit-box;
  display: -webkit-flex;
  display: -ms-flexbox;
  display: flex;
  background-color: #ffffff;
  box-shadow: 0 1px 4px 0 rgba(49,64,92,.1);
}

<div>
  <div
    class="c0"
  >
    Some text
  </div>
</div>
`;
