// Jest Snapshot v1, https://goo.gl/fbAQLP

exports[`components | layout should render the Container 1`] = `
.c0 {
  max-width: 960px;
  margin: 60px auto 0;
  padding: 10px;
}

@media (min-width:768px) {
  .c0 {
    margin-top: 100px;
    padding: 16px;
  }
}

<div>
  <div
    class="c0"
  >
    Some text
  </div>
</div>
`;

exports[`components | layout should render the Section 1`] = `
.c1 {
  font-family: sans-serif;
  font-weight: 600;
}

.c2 {
  font-size: 22px;
}

.c0 {
  padding-bottom: 24px;
}

.c0:not(:last-child) {
  border-bottom: 1px solid #d6d6d7;
  margin-bottom: 16px;
}

.c3 {
  color: #00E0B7;
  margin-bottom: 16px;
}

<div>
  <section
    class="c0"
  >
    <h1
      class="c1 c2 c3"
    >
      Some title
    </h1>
    Some text
  </section>
</div>
`;
